
> client@0.0.0 build
> vite build

vite v8.0.7 building client environment for production...
[2Ktransforming...✓ 428 modules transformed.
rendering chunks...
✗ Build failed in 579ms
error during build:
Build failed with 107 errors:

[31m[MISSING_EXPORT] Error:[0m "jsx" is not exported by "__vite-optional-peer-dep:react/jsx-runtime:framer-motion".
   [38;5;246m╭[0m[38;5;246m─[0m[38;5;246m[[0m ../../node_modules/framer-motion/dist/es/components/AnimatePresence/index.mjs:2:10 [38;5;246m][0m
   [38;5;246m│[0m
 [38;5;246m2 │[0m [38;5;249mi[0m[38;5;249mm[0m[38;5;249mp[0m[38;5;249mo[0m[38;5;249mr[0m[38;5;249mt[0m[38;5;249m [0m[38;5;249m{[0m[38;5;249m [0mjsx[38;5;249m,[0m[38;5;249m [0m[38;5;249mF[0m[38;5;249mr[0m[38;5;249ma[0m[38;5;249mg[0m[38;5;249mm[0m[38;5;249me[0m[38;5;249mn[0m[38;5;249mt[0m[38;5;249m [0m[38;5;249m}[0m[38;5;249m [0m[38;5;249mf[0m[38;5;249mr[0m[38;5;249mo[0m[38;5;249mm[0m[38;5;249m [0m[38;5;249m'[0m[38;5;249mr[0m[38;5;249me[0m[38;5;249ma[0m[38;5;249mc[0m[38;5;249mt[0m[38;5;249m/[0m[38;5;249mj[0m[38;5;249ms[0m[38;5;249mx[0m[38;5;249m-[0m[38;5;249mr[0m[38;5;249mu[0m[38;5;249mn[0m[38;5;249mt[0m[38;5;249mi[0m[38;5;249mm[0m[38;5;249me[0m[38;5;249m'[0m[38;5;249m;[0m
 [38;5;240m  │[0m          ─┬─  
 [38;5;240m  │[0m           ╰─── Missing export
[38;5;246m───╯[0m

[31m[MISSING_EXPORT] Error:[0m "Fragment" is not exported by "__vite-optional-peer-dep:react/jsx-runtime:framer-motion".
   [38;5;246m╭[0m[38;5;246m─[0m[38;5;246m[[0m ../../node_modules/framer-motion/dist/es/components/AnimatePresence/index.mjs:2:15 [38;5;246m][0m
   [38;5;246m│[0m
 [38;5;246m2 │[0m [38;5;249mi[0m[38;5;249mm[0m[38;5;249mp[0m[38;5;249mo[0m[38;5;249mr[0m[38;5;249mt[0m[38;5;249m [0m[38;5;249m{[0m[38;5;249m [0m[38;5;249mj[0m[38;5;249ms[0m[38;5;249mx[0m[38;5;249m,[0m[38;5;249m [0mFragment[38;5;249m [0m[38;5;249m}[0m[38;5;249m [0m[38;5;249mf[0m[38;5;249mr[0m[38;5;249mo[0m[38;5;249mm[0m[38;5;249m [0m[38;5;249m'[0m[38;5;249mr[0m[38;5;249me[0m[38;5;249ma[0m[38;5;249mc[0m[38;5;249mt[0m[38;5;249m/[0m[38;5;249mj[0m[38;5;249ms[0m[38;5;249mx[0m[38;5;249m-[0m[38;5;249mr[0m[38;5;249mu[0m[38;5;249mn[0m[38;5;249mt[0m[38;5;249mi[0m[38;5;249mm[0m[38;5;249me[0m[38;5;249m'[0m[38;5;249m;[0m
 [38;5;240m  │[0m               ────┬───  
 [38;5;240m  │[0m                   ╰───── Missing export
[38;5;246m───╯[0m

[31m[MISSING_EXPORT] Error:[0m "useMemo" is not exported by "__vite-optional-peer-dep:react:framer-motion".
   [38;5;246m╭[0m[38;5;246m─[0m[38;5;246m[[0m ../../node_modules/framer-motion/dist/es/components/AnimatePresence/index.mjs:3:10 [38;5;246m][0m
   [38;5;246m│[0m
 [38;5;246m3 │[0m [38;5;249mi[0m[38;5;249mm[0m[38;5;249mp[0m[38;5;249mo[0m[38;5;249mr[0m[38;5;249mt[0m[38;5;249m [0m[38;5;249m{[0m[38;5;249m [0museMemo[38;5;249m,[0m[38;5;249m [0m[38;5;249mu[0m[38;5;249ms[0m[38;5;249me[0m[38;5;249mR[0m[38;5;249me[0m[38;5;249mf[0m[38;5;249m,[0m[38;5;249m [0m[38;5;249mu[0m[38;5;249ms[0m[38;5;249me[0m[38;5;249mS[0m[38;5;249mt[0m[38;5;249ma[0m[38;5;249mt[0m[38;5;249me[0m[38;5;249m,[0m[38;5;249m [0m[38;5;249mu[0m[38;5;249ms[0m[38;5;249me[0m[38;5;249mC[0m[38;5;249mo[0m[38;5;249mn[0m[38;5;249mt[0m[38;5;249me[0m[38;5;249mx[0m[38;5;249mt[0m[38;5;249m [0m[38;5;249m}[0m[38;5;249m [0m[38;5;249mf[0m[38;5;249mr[0m[38;5;249mo[0m[38;5;249mm[0m[38;5;249m [0m[38;5;249m'[0m[38;5;249mr[0m[38;5;249me[0m[38;5;249ma[0m[38;5;249mc[0m[38;5;249mt[0m[38;5;249m'[0m[38;5;249m;[0m
 [38;5;240m  │[0m          ───┬───  
 [38;5;240m  │[0m             ╰───── Missing export
[38;5;246m───╯[0m

[31m[MISSING_EXPORT] Error:[0m "useRef" is not exported by "__vite-optional-peer-dep:react:framer-motion".
   [38;5;246m╭[0m[38;5;246m─[0m[38;5;246m[[0m ../../node_modules/framer-motion/dist/es/components/AnimatePresence/index.mjs:3:19 [38;5;246m][0m
   [38;5;246m│[0m
 [38;5;246m3 │[0m [38;5;249mi[0m[38;5;249mm[0m[38;5;249mp[0m[38;5;249mo[0m[38;5;249mr[0m[38;5;249mt[0m[38;5;249m [0m[38;5;249m{[0m[38;5;249m [0m[38;5;249mu[0m[38;5;249ms[0m[38;5;249me[0m[38;5;249mM[0m[38;5;249me[0m[38;5;249mm[0m[38;5;249mo[0m[38;5;249m,[0m[38;5;249m [0museRef[38;5;249m,[0m[38;5;249m [0m[38;5;249mu[0m[38;5;249ms[0m[38;5;249me[0m[38;5;249mS[0m[38;5;249mt[0m[38;5;249ma[0m[38;5;249mt[0m[38;5;249me[0m[38;5;249m,[0m[38;5;249m [0m[38;5;249mu[0m[38;5;249ms[0m[38;5;249me[0m[38;5;249mC[0m[38;5;249mo[0m[38;5;249mn[0m[38;5;249mt[0m[38;5;249me[0m[38;5;249mx[0m[38;5;249mt[0m[38;5;249m [0m[38;5;249m}[0m[38;5;249m [0m[38;5;249mf[0m[38;5;249mr[0m[38;5;249mo[0m[38;5;249mm[0m[38;5;249m [0m[38;5;249m'[0m[38;5;249mr[0m[38;5;249me[0m[38;5;249ma[0m[38;5;249mc[0m[38;5;249mt[0m[38;5;249m'[0m[38;5;249m;[0m
 [38;5;240m  │[0m                   ───┬──  
 [38;5;240m  │[0m                      ╰──── Missing export
[38;5;246m───╯[0m

[31m[MISSING_EXPORT] Error:[0m "useState" is not exported by "__vite-optional-peer-dep:react:framer-motion".
   [38;5;246m╭[0m[38;5;246m─[0m[38;5;246m[[0m ../../node_modules/framer-motion/dist/es/components/AnimatePresence/index.mjs:3:27 [38;5;246m][0m
   [38;5;246m│[0m
 [38;5;246m3 │[0m [38;5;249mi[0m[38;5;249mm[0m[38;5;249mp[0m[38;5;249mo[0m[38;5;249mr[0m[38;5;249mt[0m[38;5;249m [0m[38;5;249m{[0m[38;5;249m [0m[38;5;249mu[0m[38;5;249ms[0m[38;5;249me[0m[38;5;249mM[0m[38;5;249me[0m[38;5;249mm[0m[38;5;249mo[0m[38;5;249m,[0m[38;5;249m [0m[38;5;249mu[0m[38;5;249ms[0m[38;5;249me[0m[38;5;249mR[0m[38;5;249me[0m[38;5;249mf[0m[38;5;249m,[0m[38;5;249m [0museState[38;5;249m,[0m[38;5;249m [0m[38;5;249mu[0m[38;5;249ms[0m[38;5;249me[0m[38;5;249mC[0m[38;5;249mo[0m[38;5;249mn[0m[38;5;249mt[0m[38;5;249me[0m[38;5;249mx[0m[38;5;249mt[0m[38;5;249m [0m[38;5;249m}[0m[38;5;249m [0m[38;5;249mf[0m[38;5;249mr[0m[38;5;249mo[0m[38;5;249mm[0m[38;5;249m [0m[38;5;249m'[0m[38;5;249mr[0m[38;5;249me[0m[38;5;249ma[0m[38;5;249mc[0m[38;5;249mt[0m[38;5;249m'[0m[38;5;249m;[0m
 [38;5;240m  │[0m                           ────┬───  
 [38;5;240m  │[0m                               ╰───── Missing export
[38;5;246m───╯[0m

...
    at aggregateBindingErrorsIntoJsError (file:///Users/ritvikmudgal/VS-CODE/VentItOut/client/node_modules/rolldown/dist/shared/error-DBGOT6sf.mjs:48:18)
    at unwrapBindingResult (file:///Users/ritvikmudgal/VS-CODE/VentItOut/client/node_modules/rolldown/dist/shared/error-DBGOT6sf.mjs:18:128)
    at #build (file:///Users/ritvikmudgal/VS-CODE/VentItOut/client/node_modules/rolldown/dist/shared/rolldown-build-hRnqgxyz.mjs:3313:34)
    at async buildEnvironment (file:///Users/ritvikmudgal/VS-CODE/VentItOut/client/node_modules/vite/dist/node/chunks/node.js:32954:64)
    at async Object.build (file:///Users/ritvikmudgal/VS-CODE/VentItOut/client/node_modules/vite/dist/node/chunks/node.js:33376:19)
    at async Object.buildApp (file:///Users/ritvikmudgal/VS-CODE/VentItOut/client/node_modules/vite/dist/node/chunks/node.js:33373:153)
    at async CAC.<anonymous> (file:///Users/ritvikmudgal/VS-CODE/VentItOut/client/node_modules/vite/dist/node/cli.js:778:3) {
  errors: [Getter/Setter]
}
